
Fixture response complete

Acceptance: accepted; confirmation: unconfirmed.

Session: a29642a8-745c-405d-864c-a36e354a4c73
Status: completed
Workspace: /private/var/folders/cw/7pn8sb3x6bj69g7j2d8f_ss00000gn/T/ymp132-cli-xxqbbc5d/project

[you · user]
Report the fixture fact
Working in /private/var/folders/cw/7pn8sb3x6bj69g7j2d8f_ss00000gn/T/ymp132-cli-xxqbbc5d/project
Session a29642a8 · 2 agents
Collecting independent proposals

[native-model-z none · chat]
Fixture shared finding

[native-model-z none · plan]
{"summary": "Presentation fixture", "tasks": [{"title": "Report a fixture fact", "description": "Return a short fixture response", "competence": "implementation", "difficulty": "simple", "dependencies": [], "checks": []}]}

[native-model-z none · chat]
Fixture shared finding

[native-model-z none · review_plan]
{"approved": true, "reason": "Fixture response is present"}

[ymp · plan_accepted]
Presentation fixture

[native-model-z none · chat]
Fixture shared finding

[native-model-z none · execute]
Fixture response complete

[native-model-z none · chat]
Fixture shared finding

[native-model-z none · review]
{"approved": true, "reason": "Fixture response is present"}
Checking the final result

[native-model-z none · chat]
Fixture shared finding

[native-model-z none · final_review]
{"approved": true, "reason": "Fixture response is present"}

[native-model-z none · chat]
Fixture shared finding

[native-model-z none · synthesis]
Fixture response complete

[ymp · summary]
Fixture response complete

Acceptance: accepted; confirmation: unconfirmed.

Workspace: /private/var/folders/cw/7pn8sb3x6bj69g7j2d8f_ss00000gn/T/ymp132-cli-xxqbbc5d/project
