
Fixture response complete

Acceptance: accepted; confirmation: unconfirmed.

Session: 3c17499a-125d-40b8-9da0-875da3e299ed
Status: completed
Workspace: /private/var/folders/cw/7pn8sb3x6bj69g7j2d8f_ss00000gn/T/ymp132-cli-d6_udb8_/project

[you · user]
Report the fixture fact
Working in /private/var/folders/cw/7pn8sb3x6bj69g7j2d8f_ss00000gn/T/ymp132-cli-d6_udb8_/project
Session 3c17499a · 2 agents
Collecting independent proposals

[native-model-z none · chat]
Fixture shared finding

[native-model-z none · plan]
{"summary": "Presentation fixture", "tasks": [{"title": "Report a fixture fact", "description": "Return a short fixture response", "competence": "implementation", "difficulty": "simple", "dependencies": [], "checks": []}]}

[native-model-z none · chat]
Fixture shared finding

[native-model-z none · review_plan]
{"approved": true, "reason": "Fixture response is present"}

[ymp · plan_accepted]
Presentation fixture

[native-model-z none · chat]
Fixture shared finding

[native-model-z none · execute]
Fixture response complete

[native-model-z none · chat]
Fixture shared finding

[native-model-z none · review]
{"approved": true, "reason": "Fixture response is present"}
Checking the final result

[native-model-z none · chat]
Fixture shared finding

[native-model-z none · final_review]
{"approved": true, "reason": "Fixture response is present"}

[native-model-z none · chat]
Fixture shared finding

[native-model-z none · synthesis]
Fixture response complete

[ymp · summary]
Fixture response complete

Acceptance: accepted; confirmation: unconfirmed.

Workspace: /private/var/folders/cw/7pn8sb3x6bj69g7j2d8f_ss00000gn/T/ymp132-cli-d6_udb8_/project
