    Updating crates.io index
     Locking 70 packages to latest compatible versions
 Downloading crates ...
  Downloaded adler2 v2.0.1
  Downloaded crc32fast v1.5.2
  Downloaded bit-set v0.8.0
  Downloaded bit-vec v0.8.0
  Downloaded bincode v1.3.3
  Downloaded tui-syntax-highlight v0.2.0
  Downloaded simd-adler32 v0.3.10
  Downloaded miniz_oxide v0.9.1
  Downloaded flate2 v1.1.10
  Downloaded fancy-regex v0.16.2
  Downloaded zlib-rs v0.6.7
  Downloaded unicode-width v0.2.2
  Downloaded syntect v5.3.0
  Downloaded two-face v0.5.2+bat-0.26.1
   Compiling proc-macro2 v1.0.107
   Compiling quote v1.0.47
   Compiling unicode-ident v1.0.24
   Compiling thiserror v2.0.20
   Compiling syn v3.0.5
   Compiling cfg-if v1.0.4
   Compiling rustversion v1.0.23
   Compiling allocator-api2 v0.2.21
   Compiling serde_core v1.0.229
   Compiling equivalent v1.0.2
   Compiling foldhash v0.2.0
   Compiling thiserror-impl v2.0.20
   Compiling memchr v2.8.3
   Compiling syn v2.0.119
   Compiling strsim v0.11.1
   Compiling ident_case v1.0.1
   Compiling crc32fast v1.5.2
   Compiling itoa v1.0.18
   Compiling heck v0.5.0
   Compiling either v1.18.0
   Compiling serde v1.0.229
   Compiling itertools v0.14.0
   Compiling strum_macros v0.28.0
   Compiling darling_core v0.24.1
   Compiling castaway v0.2.4
   Compiling aho-corasick v1.1.5
   Compiling hashbrown v0.17.1
   Compiling hashbrown v0.16.1
   Compiling bit-vec v0.8.0
   Compiling bitflags v2.13.2
   Compiling ryu v1.0.23
   Compiling regex-syntax v0.8.11
   Compiling adler2 v2.0.1
   Compiling static_assertions v1.1.0
   Compiling unicode-segmentation v1.13.3
   Compiling unicode-width v0.2.2
   Compiling simd-adler32 v0.3.10
   Compiling miniz_oxide v0.9.1
   Compiling regex-automata v0.4.18
   Compiling unicode-truncate v2.0.1
   Compiling compact_str v0.9.1
   Compiling bit-set v0.8.0
   Compiling kasuari v0.4.12
   Compiling lru v0.18.4
   Compiling darling_macro v0.24.1
   Compiling strum v0.28.0
   Compiling same-file v1.0.6
   Compiling instability v0.3.13
   Compiling bincode v1.3.3
   Compiling walkdir v2.5.0
   Compiling flate2 v1.1.10
   Compiling ratatui-core v0.1.2
   Compiling darling v0.24.1
   Compiling fancy-regex v0.16.2
   Compiling serde_derive v1.0.229
   Compiling indoc v2.0.7
   Compiling once_cell v1.21.4
   Compiling zmij v1.0.23
   Compiling fnv v1.0.7
   Compiling syntect v5.3.0
   Compiling line-clipping v0.3.8
   Compiling serde_json v1.0.151
   Compiling ratatui-widgets v0.3.2
   Compiling ratatui v0.30.2
   Compiling tui-syntax-highlight v0.2.0
   Compiling two-face v0.5.2+bat-0.26.1
   Compiling ymp-highlight-adapter-probe v0.0.0 (/tmp/ymp139-ratatui-recheck/highlight-probe)
    Finished `dev` profile [unoptimized] target(s) in 22.89s
     Running `target/ymp139-highlight-probe/debug/ymp-highlight-adapter-probe`
