
The requested artifact is complete and independently verified.

Acceptance: accepted; confirmation: unconfirmed.

Session: 1662f9ac-b46b-4f53-a8b8-b4f5c2aec208
Status: completed
Workspace: /Users/maggnus/Code/ymp2/ymp-docs/research/evidence/file-navigation-139/prerequisites/terminal/project

[you · user]
Create greeting.txt containing Hello from ymp, and verify it.
Working in /Users/maggnus/Code/ymp2/ymp-docs/research/evidence/file-navigation-139/prerequisites/terminal/project
Session 1662f9ac · 2 agents
Collecting independent proposals

[Atlas · plan]
{"summary":"Create and verify a small deliverable","tasks":[{"checks":["test -f greeting.txt && grep -q 'Hello from ymp' greeting.txt"],"competence":"implementation","dependencies":[],"description":"Write greeting.txt containing Hello from ymp","difficulty":"simple","title":"Create a greeting"}]}

[Cygnus · review_plan]
{"approved":true,"lesson":"Check the produced artifact against the requested content.","reason":"The stated acceptance criteria are satisfied."}

[ymp · plan_accepted]
Create and verify a small deliverable

[Atlas · execute]
Created greeting.txt and verified its content.
Check: test -f greeting.txt && grep -q 'Hello from ymp' greeting.txt

[Cygnus · review]
{"approved":true,"lesson":"Check the produced artifact against the requested content.","reason":"The stated acceptance criteria are satisfied."}
Checking the final result
Check: test -f greeting.txt && grep -q 'Hello from ymp' greeting.txt

[Cygnus · final_review]
{"approved":true,"lesson":"Check the produced artifact against the requested content.","reason":"The stated acceptance criteria are satisfied."}

[Cygnus · learn]
{"content":"For file-producing tasks, check both existence and requested content. Run the check on the final integrated artifact.","title":"Verify file-producing tasks","useful":true}

[Atlas · review_memory]
{"approved":true,"lesson":"Check the produced artifact against the requested content.","reason":"The stated acceptance criteria are satisfied."}

[ymp · memory]
Unconfirmed procedure candidate retained: Verify file-producing tasks

[Cygnus · synthesis]
The requested artifact is complete and independently verified.

[ymp · summary]
The requested artifact is complete and independently verified.

Acceptance: accepted; confirmation: unconfirmed.

Workspace: /Users/maggnus/Code/ymp2/ymp-docs/research/evidence/file-navigation-139/prerequisites/terminal/project
