{
  "binary": "/private/tmp/ymp042-integrated-target/release/ymp",
  "fixture_directory": "/var/folders/cw/7pn8sb3x6bj69g7j2d8f_ss00000gn/T/ymp131-pty-dpawifzl",
  "session": "abd8c28a-b3dd-4ee0-af71-d58c9e8f673c",
  "cases": [
    {
      "case": "double",
      "passed": true
    },
    {
      "case": "input-reset",
      "passed": true
    },
    {
      "case": "expiry",
      "passed": true
    },
    {
      "case": "quit",
      "passed": true
    },
    {
      "case": "sessionless",
      "passed": true
    }
  ],
  "native_inference": false
}
