   Compiling ymp-storage v0.4.6 (/Users/maggnus/.paseo/worktrees/1ms2ynax/ymp146-recovery-backend/ymp-rust/crates/ymp-storage)
   Compiling ymp-runtime v0.4.6 (/Users/maggnus/.paseo/worktrees/1ms2ynax/ymp146-recovery-backend/ymp-rust/crates/ymp-runtime)
    Finished `test` profile [unoptimized + debuginfo] target(s) in 3.45s
     Running unittests src/lib.rs (target/debug/deps/ymp_runtime-8bff37fae2c49ffb)

running 7 tests
test engine::contract_ingress_tests::configured_invalid_contract_sets_leave_no_partial_session ... ok
test engine::contract_ingress_tests::configured_input_and_verifier_drift_on_resume_is_not_recaptured_or_confirmed ... FAILED
test engine::contract_ingress_tests::configured_resume_revalidates_saved_plan_bindings_before_production_or_review ... FAILED
test engine::contract_ingress_tests::configured_missing_and_ambiguous_plan_targets_are_rejected_including_revisions ... ok
test engine::contract_ingress_tests::configured_resume_preserves_capture_and_rejects_replacement_before_invocation ... ok
test engine::contract_ingress_tests::configured_requirements_reach_planning_revisions_without_reference_or_verifier_bytes ... ok
test engine::contract_ingress_tests::configured_changes_during_production_or_review_do_not_create_credit ... ok

failures:

---- engine::contract_ingress_tests::configured_input_and_verifier_drift_on_resume_is_not_recaptured_or_confirmed stdout ----

thread 'engine::contract_ingress_tests::configured_input_and_verifier_drift_on_resume_is_not_recaptured_or_confirmed' panicked at ymp-rust/crates/ymp-runtime/src/engine/contract_ingress_tests.rs:411:9:
assertion failed: resumed.summary.contains("unconfirmed")
note: run with `RUST_BACKTRACE=1` environment variable to display a backtrace

---- engine::contract_ingress_tests::configured_resume_revalidates_saved_plan_bindings_before_production_or_review stdout ----

thread 'engine::contract_ingress_tests::configured_resume_revalidates_saved_plan_bindings_before_production_or_review' panicked at ymp-rust/crates/ymp-runtime/src/engine/contract_ingress_tests.rs:476:10:
called `Option::unwrap()` on a `None` value


failures:
    engine::contract_ingress_tests::configured_input_and_verifier_drift_on_resume_is_not_recaptured_or_confirmed
    engine::contract_ingress_tests::configured_resume_revalidates_saved_plan_bindings_before_production_or_review

test result: FAILED. 5 passed; 2 failed; 0 ignored; 0 measured; 106 filtered out; finished in 1.45s

error: test failed, to rerun pass `-p ymp-runtime --lib`
