   Compiling libc v0.2.189
   Compiling proc-macro2 v1.0.107
   Compiling cfg-if v1.0.4
   Compiling unicode-ident v1.0.24
   Compiling quote v1.0.47
   Compiling version_check v0.9.5
   Compiling find-msvc-tools v0.1.12
   Compiling serde_core v1.0.229
   Compiling zerocopy v0.8.57
   Compiling shlex v2.0.1
   Compiling pkg-config v0.3.34
   Compiling vcpkg v0.2.15
   Compiling serde v1.0.229
   Compiling libm v0.2.16
   Compiling autocfg v1.5.1
   Compiling generic-array v0.14.7
   Compiling typenum v1.20.1
   Compiling num-traits v0.2.19
   Compiling getrandom v0.4.3
   Compiling smallvec v1.16.1
   Compiling once_cell v1.21.4
   Compiling equivalent v1.0.2
   Compiling hashbrown v0.17.1
   Compiling zmij v1.0.23
   Compiling parking_lot_core v0.9.12
   Compiling indexmap v2.14.2
   Compiling syn v3.0.5
   Compiling ahash v0.8.12
   Compiling serde_json v1.0.151
   Compiling bitflags v2.13.2
   Compiling winnow v0.7.15
   Compiling jobserver v0.1.35
   Compiling cc v1.4.5
   Compiling getrandom v0.2.17
   Compiling rand_core v0.6.4
   Compiling errno v0.3.14
   Compiling scopeguard v1.2.0
   Compiling core-foundation-sys v0.8.7
   Compiling anyhow v1.0.104
   Compiling toml_write v0.1.2
   Compiling ppv-lite86 v0.2.21
   Compiling iana-time-zone v0.1.65
   Compiling lock_api v0.4.14
   Compiling rand_chacha v0.3.1
   Compiling serde_derive v1.0.229
   Compiling cpufeatures v0.2.17
   Compiling rand v0.8.8
   Compiling libz-sys v1.1.29
   Compiling itoa v1.0.18
   Compiling pin-project-lite v0.2.17
   Compiling memchr v2.8.3
   Compiling crypto-common v0.1.7
   Compiling block-buffer v0.10.4
   Compiling digest v0.10.7
   Compiling sha2 v0.10.9
   Compiling libsqlite3-sys v0.30.1
   Compiling uuid v1.26.1
   Compiling libgit2-sys v0.18.8+1.9.7
   Compiling tokio-macros v2.7.2
   Compiling signal-hook-registry v1.4.8
   Compiling fs2 v0.4.3
   Compiling socket2 v0.6.5
   Compiling mio v1.2.3
   Compiling bytes v1.12.1
   Compiling rustix v1.1.4
   Compiling futures-macro v0.3.34
   Compiling rand_distr v0.4.3
   Compiling slab v0.4.12
   Compiling futures-task v0.3.34
   Compiling parking_lot v0.12.5
   Compiling futures-core v0.3.34
   Compiling same-file v1.0.6
   Compiling tokio v1.53.1
   Compiling futures-util v0.3.34
   Compiling fallible-streaming-iterator v0.1.9
   Compiling fallible-iterator v0.3.0
   Compiling futures-sink v0.3.34
   Compiling fastrand v2.5.0
   Compiling log v0.4.34
   Compiling walkdir v2.5.0
   Compiling async-trait v0.1.92
   Compiling hashbrown v0.14.5
   Compiling hashlink v0.9.1
   Compiling serde_spanned v0.6.9
   Compiling toml_datetime v0.6.11
   Compiling chrono v0.4.45
   Compiling toml_edit v0.22.27
   Compiling toml v0.8.23
   Compiling ymp-core v0.4.6 (/Users/maggnus/.paseo/worktrees/1ms2ynax/ymp146-recovery-backend/ymp-rust/crates/ymp-core)
   Compiling tempfile v3.27.0
   Compiling rusqlite v0.32.1
   Compiling ymp-storage v0.4.6 (/Users/maggnus/.paseo/worktrees/1ms2ynax/ymp146-recovery-backend/ymp-rust/crates/ymp-storage)
   Compiling tokio-util v0.7.19
   Compiling ymp-providers v0.4.6 (/Users/maggnus/.paseo/worktrees/1ms2ynax/ymp146-recovery-backend/ymp-rust/crates/ymp-providers)
   Compiling git2 v0.21.0
   Compiling ymp-workspace v0.4.6 (/Users/maggnus/.paseo/worktrees/1ms2ynax/ymp146-recovery-backend/ymp-rust/crates/ymp-workspace)
   Compiling ymp-runtime v0.4.6 (/Users/maggnus/.paseo/worktrees/1ms2ynax/ymp146-recovery-backend/ymp-rust/crates/ymp-runtime)
    Finished `test` profile [unoptimized + debuginfo] target(s) in 20.75s
     Running tests/session_recovery.rs (target/debug/deps/session_recovery-87b52712360ee241)

running 1 test
test restart_retains_plan_without_duplicate_planning ... FAILED

failures:

---- restart_retains_plan_without_duplicate_planning stdout ----

thread 'restart_retains_plan_without_duplicate_planning' panicked at ymp-rust/crates/ymp-runtime/tests/session_recovery.rs:64:5:
assertion `left == right` failed: saved plan must survive restart
  left: 2
 right: 1
note: run with `RUST_BACKTRACE=1` environment variable to display a backtrace


failures:
    restart_retains_plan_without_duplicate_planning

test result: FAILED. 0 passed; 1 failed; 0 ignored; 0 measured; 0 filtered out; finished in 0.34s

error: test failed, to rerun pass `-p ymp-runtime --test session_recovery`
