    Checking ymp-providers v0.4.6 (/Users/maggnus/.paseo/worktrees/1ms2ynax/ymp146-recovery-backend/ymp-rust/crates/ymp-providers)
    Checking ymp-storage v0.4.6 (/Users/maggnus/.paseo/worktrees/1ms2ynax/ymp146-recovery-backend/ymp-rust/crates/ymp-storage)
   Compiling ymp-eval-driver v0.4.6 (/Users/maggnus/.paseo/worktrees/1ms2ynax/ymp146-recovery-backend/ymp-rust/crates/ymp-eval-driver)
    Checking ymp-runtime v0.4.6 (/Users/maggnus/.paseo/worktrees/1ms2ynax/ymp146-recovery-backend/ymp-rust/crates/ymp-runtime)
error: called `unwrap` on `message` after checking its variant with `is_some`
   --> ymp-rust/crates/ymp-runtime/src/engine/recovery.rs:659:35
    |
657 |                     if invocation.state == InvocationState::Completed && message.is_some() {
    |                                                                          ----------------- the check is happening here
658 |                         stage.response = Some(SavedResponse {
659 |                             text: message.unwrap().text,
    |                                   ^^^^^^^^^^^^^^^^
    |
    = help: try using `if let` or `match`
    = help: for further information visit https://rust-lang.github.io/rust-clippy/master/index.html#unnecessary_unwrap
    = note: `-D clippy::unnecessary-unwrap` implied by `-D warnings`
    = help: to override `-D warnings` add `#[allow(clippy::unnecessary_unwrap)]`

error: could not compile `ymp-runtime` (lib) due to 1 previous error
warning: build failed, waiting for other jobs to finish...
error: could not compile `ymp-runtime` (lib test) due to 1 previous error
