    Checking cfg-if v1.0.4
    Checking libc v0.2.189
    Checking zerocopy v0.8.57
    Checking serde_core v1.0.229
    Checking typenum v1.20.1
    Checking smallvec v1.16.1
    Checking libm v0.2.16
    Checking once_cell v1.21.4
    Checking equivalent v1.0.2
    Checking hashbrown v0.17.1
    Checking scopeguard v1.2.0
    Checking toml_write v0.1.2
    Checking winnow v0.7.15
    Checking core-foundation-sys v0.8.7
    Checking bitflags v2.13.2
    Checking lock_api v0.4.14
    Checking zmij v1.0.23
    Checking iana-time-zone v0.1.65
    Checking indexmap v2.14.2
   Compiling jobserver v0.1.35
    Checking pin-project-lite v0.2.17
    Checking itoa v1.0.18
    Checking getrandom v0.2.17
    Checking generic-array v0.14.7
    Checking errno v0.3.14
    Checking getrandom v0.4.3
    Checking parking_lot_core v0.9.12
    Checking rand_core v0.6.4
   Compiling cc v1.4.5
    Checking num-traits v0.2.19
    Checking cpufeatures v0.2.17
    Checking memchr v2.8.3
    Checking parking_lot v0.12.5
    Checking signal-hook-registry v1.4.8
    Checking socket2 v0.6.5
    Checking fs2 v0.4.3
    Checking mio v1.2.3
    Checking crypto-common v0.1.7
    Checking block-buffer v0.10.4
    Checking anyhow v1.0.104
    Checking bytes v1.12.1
    Checking slab v0.4.12
    Checking futures-core v0.3.34
    Checking digest v0.10.7
    Checking futures-task v0.3.34
    Checking rustix v1.1.4
    Checking futures-sink v0.3.34
    Checking fallible-iterator v0.3.0
    Checking same-file v1.0.6
    Checking futures-util v0.3.34
    Checking fastrand v2.5.0
    Checking fallible-streaming-iterator v0.1.9
    Checking sha2 v0.10.9
    Checking log v0.4.34
    Checking walkdir v2.5.0
    Checking tokio v1.53.1
    Checking serde v1.0.229
    Checking uuid v1.26.1
    Checking serde_json v1.0.151
   Compiling libz-sys v1.1.29
   Compiling libsqlite3-sys v0.30.1
   Compiling libgit2-sys v0.18.8+1.9.7
    Checking toml_datetime v0.6.11
    Checking serde_spanned v0.6.9
    Checking chrono v0.4.45
    Checking tempfile v3.27.0
    Checking toml_edit v0.22.27
    Checking ppv-lite86 v0.2.21
    Checking ahash v0.8.12
    Checking hashbrown v0.14.5
    Checking rand_chacha v0.3.1
    Checking toml v0.8.23
    Checking rand v0.8.8
    Checking hashlink v0.9.1
    Checking rand_distr v0.4.3
    Checking tokio-util v0.7.19
    Checking ymp-core v0.4.6 (/Users/maggnus/.paseo/worktrees/1ms2ynax/ymp146-recovery-backend/ymp-rust/crates/ymp-core)
    Checking rusqlite v0.32.1
    Checking ymp-providers v0.4.6 (/Users/maggnus/.paseo/worktrees/1ms2ynax/ymp146-recovery-backend/ymp-rust/crates/ymp-providers)
    Checking ymp-storage v0.4.6 (/Users/maggnus/.paseo/worktrees/1ms2ynax/ymp146-recovery-backend/ymp-rust/crates/ymp-storage)
    Checking git2 v0.21.0
    Checking ymp-workspace v0.4.6 (/Users/maggnus/.paseo/worktrees/1ms2ynax/ymp146-recovery-backend/ymp-rust/crates/ymp-workspace)
    Checking ymp-runtime v0.4.6 (/Users/maggnus/.paseo/worktrees/1ms2ynax/ymp146-recovery-backend/ymp-rust/crates/ymp-runtime)
    Finished `dev` profile [unoptimized + debuginfo] target(s) in 10.33s
