   Compiling libc v0.2.189
   Compiling syn v3.0.5
    Checking cfg-if v1.0.4
    Checking serde_core v1.0.229
    Checking zerocopy v0.8.57
    Checking errno v0.3.14
   Compiling serde_derive v1.0.229
    Checking equivalent v1.0.2
    Checking typenum v1.20.1
    Checking serde v1.0.229
    Checking generic-array v0.14.7
    Checking getrandom v0.2.17
    Checking bitflags v2.13.2
    Checking smallvec v1.16.1
    Checking rand_core v0.6.4
    Checking libm v0.2.16
    Checking ppv-lite86 v0.2.21
    Checking itoa v1.0.18
    Checking once_cell v1.21.4
    Checking hashbrown v0.17.1
    Checking num-traits v0.2.19
    Checking indexmap v2.14.2
    Checking rand_chacha v0.3.1
    Checking serde_spanned v0.6.9
    Checking toml_datetime v0.6.11
    Checking getrandom v0.4.3
    Checking block-buffer v0.10.4
    Checking crypto-common v0.1.7
    Checking toml_write v0.1.2
    Checking winnow v0.7.15
    Checking core-foundation-sys v0.8.7
    Checking iana-time-zone v0.1.65
    Checking digest v0.10.7
    Checking rand v0.8.8
    Checking zmij v1.0.23
    Checking toml_edit v0.22.27
    Checking signal-hook-registry v1.4.8
    Checking cpufeatures v0.2.17
    Checking log v0.4.34
    Checking scopeguard v1.2.0
    Checking memchr v2.8.3
    Checking serde_json v1.0.151
    Checking toml v0.8.23
    Checking lock_api v0.4.14
    Checking mio v1.2.3
    Checking sha2 v0.10.9
    Checking rand_distr v0.4.3
    Checking parking_lot_core v0.9.12
    Checking chrono v0.4.45
    Checking anyhow v1.0.104
    Checking uuid v1.26.1
    Checking fs2 v0.4.3
    Checking parking_lot v0.12.5
    Checking rustix v1.1.4
    Checking ymp-core v0.4.1 (/private/tmp/ymp129-review-limit/ymp-rust/crates/ymp-core)
    Checking pin-project-lite v0.2.17
    Checking fastrand v2.5.0
    Checking tempfile v3.27.0
   Compiling tokio-macros v2.7.2
    Checking socket2 v0.6.5
    Checking bytes v1.12.1
    Checking tokio v1.53.1
    Checking futures-core v0.3.34
   Compiling futures-macro v0.3.34
    Checking slab v0.4.12
    Checking futures-task v0.3.34
    Checking futures-util v0.3.34
    Checking futures-sink v0.3.34
   Compiling async-trait v0.1.92
    Checking tokio-util v0.7.19
    Checking ahash v0.8.12
    Checking ymp-providers v0.4.1 (/private/tmp/ymp129-review-limit/ymp-rust/crates/ymp-providers)
    Checking hashbrown v0.14.5
    Checking same-file v1.0.6
    Checking walkdir v2.5.0
    Checking libsqlite3-sys v0.30.1
    Checking hashlink v0.9.1
    Checking fallible-iterator v0.3.0
    Checking fallible-streaming-iterator v0.1.9
    Checking ymp-workspace v0.4.1 (/private/tmp/ymp129-review-limit/ymp-rust/crates/ymp-workspace)
    Checking rusqlite v0.32.1
   Compiling heck v0.5.0
   Compiling rustversion v1.0.23
    Checking ymp-storage v0.4.1 (/private/tmp/ymp129-review-limit/ymp-rust/crates/ymp-storage)
    Checking ymp-runtime v0.4.1 (/private/tmp/ymp129-review-limit/ymp-rust/crates/ymp-runtime)
   Compiling strsim v0.11.1
   Compiling signal-hook v0.3.18
    Checking utf8parse v0.2.2
   Compiling ident_case v1.0.1
   Compiling darling_core v0.24.1
    Checking anstyle-parse v1.0.0
    Checking anstyle-query v1.1.5
    Checking anstyle v1.0.14
   Compiling rustix v0.38.44
    Checking colorchoice v1.0.5
    Checking is_terminal_polyfill v1.70.2
    Checking anstream v1.0.0
   Compiling darling_macro v0.24.1
   Compiling syn v2.0.119
    Checking foldhash v0.1.5
   Compiling instability v0.3.13
    Checking either v1.18.0
    Checking clap_lex v1.1.0
    Checking allocator-api2 v0.2.21
   Compiling paste v1.0.15
   Compiling strum_macros v0.26.4
    Checking hashbrown v0.15.5
    Checking clap_builder v4.6.6
    Checking itertools v0.13.0
    Checking signal-hook-mio v0.2.5
   Compiling darling v0.24.1
    Checking castaway v0.2.4
   Compiling clap_derive v4.6.4
    Checking ryu v1.0.23
   Compiling indoc v2.0.7
    Checking static_assertions v1.1.0
    Checking unicode-segmentation v1.13.3
    Checking unicode-width v0.1.14
    Checking unicode-truncate v1.1.0
    Checking compact_str v0.8.2
    Checking clap v4.6.6
    Checking crossterm v0.28.1
    Checking strum v0.26.3
    Checking lru v0.12.5
    Checking unicode-width v0.2.0
    Checking cassowary v0.3.0
    Checking ratatui v0.29.0
    Checking ymp-tui v0.4.1 (/private/tmp/ymp129-review-limit/ymp-rust/crates/ymp-tui)
   Compiling ymp-eval-driver v0.4.1 (/private/tmp/ymp129-review-limit/ymp-rust/crates/ymp-eval-driver)
    Checking ymp-cli v0.4.1 (/private/tmp/ymp129-review-limit/ymp-rust/crates/ymp-cli)
    Finished `dev` profile [unoptimized] target(s) in 29.94s
