
The requested artifact is complete and independently verified.

Acceptance: accepted; confirmation: unconfirmed.

Session: 4ac6872a-e488-42a4-a27c-ee97175f05db
Status: completed
Workspace: /private/var/folders/cw/7pn8sb3x6bj69g7j2d8f_ss00000gn/T/ymp129-final-smoke-fo8doahs/project

[you · user]
Create greeting.txt containing Hello from ymp, and verify it.
Working in /private/var/folders/cw/7pn8sb3x6bj69g7j2d8f_ss00000gn/T/ymp129-final-smoke-fo8doahs/project
Session 4ac6872a · 2 agents
Collecting independent proposals

[atlas · plan]
{"summary":"Create and verify a small deliverable","tasks":[{"checks":["test -f greeting.txt && grep -q 'Hello from ymp' greeting.txt"],"competence":"implementation","dependencies":[],"description":"Write greeting.txt containing Hello from ymp","difficulty":"simple","title":"Create a greeting"}]}

[cygnus · review_plan]
{"approved":true,"lesson":"Check the produced artifact against the requested content.","reason":"The stated acceptance criteria are satisfied."}

[ymp · plan_accepted]
Create and verify a small deliverable

[atlas · execute]
Created greeting.txt and verified its content.
Check: test -f greeting.txt && grep -q 'Hello from ymp' greeting.txt

[cygnus · review]
{"approved":true,"lesson":"Check the produced artifact against the requested content.","reason":"The stated acceptance criteria are satisfied."}
Checking the final result
Check: test -f greeting.txt && grep -q 'Hello from ymp' greeting.txt

[cygnus · final_review]
{"approved":true,"lesson":"Check the produced artifact against the requested content.","reason":"The stated acceptance criteria are satisfied."}

[cygnus · learn]
{"content":"For file-producing tasks, check both existence and requested content. Run the check on the final integrated artifact.","title":"Verify file-producing tasks","useful":true}

[atlas · review_memory]
{"approved":true,"lesson":"Check the produced artifact against the requested content.","reason":"The stated acceptance criteria are satisfied."}

[ymp · memory]
Unconfirmed procedure candidate retained: Verify file-producing tasks
