   Compiling libc v0.2.189
   Compiling proc-macro2 v1.0.107
   Compiling quote v1.0.47
   Compiling unicode-ident v1.0.24
   Compiling cfg-if v1.0.4
   Compiling serde_core v1.0.229
   Compiling syn v3.0.5
   Compiling serde v1.0.229
   Compiling version_check v0.9.5
   Compiling serde_derive v1.0.229
   Compiling generic-array v0.14.7
   Compiling zerocopy v0.8.57
   Compiling libm v0.2.16
   Compiling typenum v1.20.1
   Compiling autocfg v1.5.1
   Compiling num-traits v0.2.19
   Compiling getrandom v0.2.17
   Compiling errno v0.3.14
   Compiling getrandom v0.4.3
   Compiling parking_lot_core v0.9.12
   Compiling ppv-lite86 v0.2.21
   Compiling rand_core v0.6.4
   Compiling smallvec v1.16.1
   Compiling hashbrown v0.17.1
   Compiling scopeguard v1.2.0
   Compiling equivalent v1.0.2
   Compiling zmij v1.0.23
   Compiling indexmap v2.14.2
   Compiling lock_api v0.4.14
   Compiling rand_chacha v0.3.1
   Compiling crypto-common v0.1.7
   Compiling block-buffer v0.10.4
   Compiling toml_datetime v0.6.11
   Compiling serde_spanned v0.6.9
   Compiling core-foundation-sys v0.8.7
   Compiling anyhow v1.0.104
   Compiling toml_write v0.1.2
   Compiling pin-project-lite v0.2.17
   Compiling serde_json v1.0.151
   Compiling winnow v0.7.15
   Compiling toml_edit v0.22.27
   Compiling iana-time-zone v0.1.65
   Compiling digest v0.10.7
   Compiling rand v0.8.8
   Compiling parking_lot v0.12.5
   Compiling signal-hook-registry v1.4.8
   Compiling tokio-macros v2.7.2
   Compiling futures-macro v0.3.34
   Compiling socket2 v0.6.5
   Compiling mio v1.2.3
   Compiling cpufeatures v0.2.17
   Compiling memchr v2.8.3
   Compiling bytes v1.12.1
   Compiling futures-task v0.3.34
   Compiling itoa v1.0.18
   Compiling slab v0.4.12
   Compiling rustix v1.1.4
   Compiling futures-core v0.3.34
   Compiling futures-util v0.3.34
   Compiling tokio v1.53.1
   Compiling sha2 v0.10.9
   Compiling rand_distr v0.4.3
   Compiling toml v0.8.23
   Compiling chrono v0.4.45
   Compiling uuid v1.26.1
   Compiling fs2 v0.4.3
   Compiling futures-sink v0.3.34
   Compiling bitflags v2.13.2
   Compiling tokio-util v0.7.19
   Compiling ymp-core v0.4.0 (/private/tmp/ymp129-review-limit/ymp-rust/crates/ymp-core)
   Compiling async-trait v0.1.92
   Compiling fastrand v2.5.0
   Compiling once_cell v1.21.4
   Compiling tempfile v3.27.0
   Compiling ymp-providers v0.4.0 (/private/tmp/ymp129-review-limit/ymp-rust/crates/ymp-providers)
    Finished `test` profile [unoptimized] target(s) in 20.54s
     Running tests/settings.rs (target/debug/deps/settings-f07f5a4bf55f84d6)

running 1 test
test acp_output_exhaustion_keeps_usage_without_accepting_partial_text ... FAILED

failures:

---- acp_output_exhaustion_keeps_usage_without_accepting_partial_text stdout ----

thread 'acp_output_exhaustion_keeps_usage_without_accepting_partial_text' panicked at ymp-rust/crates/ymp-providers/tests/settings.rs:11:9:
assertion `left == right` failed
  left: false
 right: true
note: run with `RUST_BACKTRACE=1` environment variable to display a backtrace


failures:
    acp_output_exhaustion_keeps_usage_without_accepting_partial_text

test result: FAILED. 0 passed; 1 failed; 0 ignored; 0 measured; 6 filtered out; finished in 2.04s

error: test failed, to rerun pass `-p ymp-providers --test settings`
