   Compiling ahash v0.8.12
   Compiling find-msvc-tools v0.1.12
   Compiling shlex v2.0.1
   Compiling cc v1.4.5
   Compiling vcpkg v0.2.15
   Compiling pkg-config v0.3.34
   Compiling libsqlite3-sys v0.30.1
   Compiling hashbrown v0.14.5
   Compiling hashlink v0.9.1
   Compiling fallible-streaming-iterator v0.1.9
   Compiling fallible-iterator v0.3.0
   Compiling same-file v1.0.6
   Compiling walkdir v2.5.0
   Compiling ymp-workspace v0.4.0 (/private/tmp/ymp129-review-limit/ymp-rust/crates/ymp-workspace)
   Compiling rusqlite v0.32.1
   Compiling ymp-storage v0.4.0 (/private/tmp/ymp129-review-limit/ymp-rust/crates/ymp-storage)
   Compiling ymp-runtime v0.4.0 (/private/tmp/ymp129-review-limit/ymp-rust/crates/ymp-runtime)
    Finished `test` profile [unoptimized] target(s) in 10.63s
     Running unittests src/lib.rs (target/debug/deps/ymp_runtime-d4667a83673cdd11)

running 1 test
test engine::tests::backend_contract_tests::native_review_limit_recovers_without_replaying_the_writer ... FAILED

failures:

---- engine::tests::backend_contract_tests::native_review_limit_recovers_without_replaying_the_writer stdout ----

thread 'engine::tests::backend_contract_tests::native_review_limit_recovers_without_replaying_the_writer' panicked at ymp-rust/crates/ymp-runtime/src/backend_tests.rs:146:13:
assertion `left == right` failed: Run blocked: native_output_limit: ACP response reached max_tokens before completing
  left: false
 right: true
note: run with `RUST_BACKTRACE=1` environment variable to display a backtrace


failures:
    engine::tests::backend_contract_tests::native_review_limit_recovers_without_replaying_the_writer

test result: FAILED. 0 passed; 1 failed; 0 ignored; 0 measured; 106 filtered out; finished in 0.13s

error: test failed, to rerun pass `-p ymp-runtime --lib`
