    Checking cfg-if v1.0.4
    Checking equivalent v1.0.2
    Checking allocator-api2 v0.2.21
    Checking foldhash v0.2.0
    Checking bitflags v2.13.2
    Checking libc v0.2.189
    Checking serde_core v1.0.229
    Checking itoa v1.0.18
   Compiling syn v3.0.5
    Checking memchr v2.8.3
    Checking zerocopy v0.8.57
    Checking smallvec v1.16.1
    Checking once_cell v1.21.4
   Compiling rustix v1.1.4
    Checking typenum v1.20.1
    Checking log v0.4.34
    Checking scopeguard v1.2.0
    Checking hashbrown v0.17.1
    Checking libm v0.2.16
    Checking winnow v0.7.15
    Checking lock_api v0.4.14
    Checking errno v0.3.14
    Checking signal-hook-registry v1.4.8
    Checking getrandom v0.2.17
    Checking parking_lot_core v0.9.12
    Checking rand_core v0.6.4
    Checking mio v1.2.3
    Checking parking_lot v0.12.5
    Checking generic-array v0.14.7
    Checking indexmap v2.14.2
    Checking getrandom v0.4.3
    Checking toml_write v0.1.2
    Checking num-traits v0.2.19
    Checking core-foundation-sys v0.8.7
    Checking cpufeatures v0.2.17
    Checking zmij v1.0.23
    Checking iana-time-zone v0.1.65
    Checking anyhow v1.0.104
    Checking crypto-common v0.1.7
    Checking block-buffer v0.10.4
   Compiling jobserver v0.1.35
    Checking fs2 v0.4.3
    Checking pin-project-lite v0.2.17
    Checking fastrand v2.5.0
    Checking digest v0.10.7
    Checking futures-core v0.3.34
    Checking socket2 v0.6.5
    Checking bytes v1.12.1
    Checking uuid v1.26.1
    Checking serde_json v1.0.151
   Compiling cc v1.4.5
    Checking sha2 v0.10.9
    Checking futures-task v0.3.34
    Checking slab v0.4.12
    Checking futures-sink v0.3.34
    Checking same-file v1.0.6
    Checking fallible-iterator v0.3.0
    Checking fallible-streaming-iterator v0.1.9
   Compiling heck v0.5.0
   Compiling syn v2.0.119
    Checking walkdir v2.5.0
   Compiling thiserror v2.0.20
   Compiling rustversion v1.0.23
   Compiling strsim v0.11.1
   Compiling ident_case v1.0.1
    Checking either v1.18.0
    Checking hashbrown v0.16.1
    Checking unicode-segmentation v1.13.3
    Checking itertools v0.14.0
    Checking static_assertions v1.1.0
    Checking ryu v1.0.23
    Checking unicode-width v0.2.0
    Checking tempfile v3.27.0
    Checking lru v0.18.4
   Compiling instability v0.3.13
    Checking critical-section v1.2.0
   Compiling signal-hook v0.3.18
   Compiling indoc v2.0.7
   Compiling darling_core v0.24.1
   Compiling libz-sys v1.1.29
    Checking ppv-lite86 v0.2.21
   Compiling libgit2-sys v0.18.8+1.9.7
    Checking ahash v0.8.12
    Checking rand_chacha v0.3.1
   Compiling libsqlite3-sys v0.30.1
    Checking hashbrown v0.14.5
    Checking rand v0.8.8
    Checking unicode-truncate v2.0.1
   Compiling convert_case v0.10.0
    Checking hashlink v0.9.1
    Checking castaway v0.2.4
    Checking num_threads v0.1.7
   Compiling crc32fast v1.5.2
    Checking rand_distr v0.4.3
   Compiling strum_macros v0.28.0
   Compiling derive_more-impl v2.1.1
    Checking time-core v0.1.9
    Checking num-conv v0.2.2
    Checking powerfmt v0.2.0
   Compiling litrs v1.0.0
    Checking deranged v0.5.8
   Compiling serde_derive v1.0.229
   Compiling tokio-macros v2.7.2
   Compiling futures-macro v0.3.34
   Compiling async-trait v0.1.92
    Checking tokio v1.53.1
   Compiling thiserror-impl v2.0.20
    Checking futures-util v0.3.34
   Compiling darling_macro v0.24.1
    Checking strum v0.28.0
    Checking signal-hook-mio v0.2.5
   Compiling darling v0.24.1
    Checking time v0.3.55
   Compiling document-features v0.2.12
    Checking compact_str v0.9.1
    Checking derive_more v2.1.1
    Checking aho-corasick v1.1.5
    Checking serde v1.0.229
    Checking line-clipping v0.3.8
    Checking simd-adler32 v0.3.10
    Checking regex-syntax v0.8.11
    Checking bit-vec v0.8.0
    Checking adler2 v2.0.1
    Checking utf8parse v0.2.2
    Checking anstyle-parse v1.0.0
    Checking miniz_oxide v0.9.1
    Checking bit-set v0.8.0
    Checking regex-automata v0.4.18
    Checking colorchoice v1.0.5
    Checking anstyle v1.0.14
    Checking rusqlite v0.32.1
    Checking is_terminal_polyfill v1.70.2
    Checking anstyle-query v1.1.5
    Checking flate2 v1.1.10
    Checking anstream v1.0.0
   Compiling enum-ordinalize-derive v4.4.2
    Checking clap_lex v1.1.0
    Checking fnv v1.0.7
   Compiling clap_derive v4.6.4
    Checking clap_builder v4.6.6
   Compiling enum-ordinalize v4.4.2
    Checking fancy-regex v0.16.2
    Checking tokio-util v0.7.19
    Checking clap v4.6.6
    Checking kasuari v0.4.12
    Checking ratatui-core v0.1.2
    Checking crossterm v0.29.0
    Checking serde_spanned v0.6.9
    Checking toml_datetime v0.6.11
    Checking chrono v0.4.45
    Checking bincode v1.3.3
    Checking toml_edit v0.22.27
    Checking syntect v5.3.0
    Checking tui-syntax-highlight v0.2.0
   Compiling educe v0.6.0
    Checking two-face v0.5.2+bat-0.26.1
    Checking toml v0.8.23
    Checking ymp-core v0.4.6 (/Users/maggnus/Code/ymp2/ymp-rust/crates/ymp-core)
    Checking ratatui-widgets v0.3.2
    Checking ratatui-crossterm v0.1.2
    Checking ratatui-macros v0.7.2
    Checking ratatui v0.30.2
   Compiling ymp-eval-driver v0.4.6 (/Users/maggnus/Code/ymp2/ymp-rust/crates/ymp-eval-driver)
    Checking ratatui-themes v0.3.0
    Checking ratatui-explorer v0.3.0
    Checking ymp-providers v0.4.6 (/Users/maggnus/Code/ymp2/ymp-rust/crates/ymp-providers)
    Checking ymp-storage v0.4.6 (/Users/maggnus/Code/ymp2/ymp-rust/crates/ymp-storage)
    Checking git2 v0.21.0
    Checking ymp-workspace v0.4.6 (/Users/maggnus/Code/ymp2/ymp-rust/crates/ymp-workspace)
    Checking ymp-runtime v0.4.6 (/Users/maggnus/Code/ymp2/ymp-rust/crates/ymp-runtime)
    Checking ymp-tui v0.4.6 (/Users/maggnus/Code/ymp2/ymp-rust/crates/ymp-tui)
    Checking ymp-cli v0.4.6 (/Users/maggnus/Code/ymp2/ymp-rust/crates/ymp-cli)
    Finished `dev` profile [unoptimized + debuginfo] target(s) in 19.34s
