
Fixture response complete

Acceptance: accepted; confirmation: unconfirmed.

Session: 5ed17aa0-a4db-48f2-bf2d-0e41b4091c29
Status: completed
Workspace: /private/var/folders/cw/7pn8sb3x6bj69g7j2d8f_ss00000gn/T/ymp132-cli-1nneyceq/project

[you · user]
Report the fixture fact
Working in /private/var/folders/cw/7pn8sb3x6bj69g7j2d8f_ss00000gn/T/ymp132-cli-1nneyceq/project
Session 5ed17aa0 · 2 agents
Collecting independent proposals

[native-model-z · chat]
Fixture shared finding

[native-model-z · plan]
{"summary": "Presentation fixture", "tasks": [{"title": "Report a fixture fact", "description": "Return a short fixture response", "competence": "implementation", "difficulty": "simple", "dependencies": [], "checks": []}]}

[native-model-z · chat]
Fixture shared finding

[native-model-z · review_plan]
{"approved": true, "reason": "Fixture response is present"}

[ymp · plan_accepted]
Presentation fixture

[native-model-z · chat]
Fixture shared finding

[native-model-z · execute]
Fixture response complete

[native-model-z · chat]
Fixture shared finding

[native-model-z · review]
{"approved": true, "reason": "Fixture response is present"}
Checking the final result

[native-model-z · chat]
Fixture shared finding

[native-model-z · final_review]
{"approved": true, "reason": "Fixture response is present"}

[native-model-z · chat]
Fixture shared finding

[native-model-z · synthesis]
Fixture response complete

[ymp · summary]
Fixture response complete

Acceptance: accepted; confirmation: unconfirmed.

Workspace: /private/var/folders/cw/7pn8sb3x6bj69g7j2d8f_ss00000gn/T/ymp132-cli-1nneyceq/project
