$ CARGO_TARGET_DIR=/tmp/ymp161-parser159-target cargo test --manifest-path /tmp/ymp161-parser-source.rSts2B/Cargo.toml -p ymp-eval-driver --test weak_pilot_consumer -- --nocapture
   Compiling libc v0.2.189
   Compiling proc-macro2 v1.0.107
   Compiling cfg-if v1.0.4
   Compiling quote v1.0.47
   Compiling unicode-ident v1.0.24
   Compiling version_check v0.9.5
   Compiling serde_core v1.0.229
   Compiling shlex v2.0.1
   Compiling zerocopy v0.8.57
   Compiling find-msvc-tools v0.1.12
   Compiling pkg-config v0.3.34
   Compiling vcpkg v0.2.15
   Compiling serde v1.0.229
   Compiling typenum v1.20.1
   Compiling zmij v1.0.23
   Compiling generic-array v0.14.7
   Compiling libm v0.2.16
   Compiling serde_json v1.0.151
   Compiling autocfg v1.5.1
   Compiling smallvec v1.16.1
   Compiling memchr v2.8.3
   Compiling num-traits v0.2.19
   Compiling getrandom v0.4.3
   Compiling itoa v1.0.18
   Compiling once_cell v1.21.4
   Compiling equivalent v1.0.2
   Compiling hashbrown v0.17.1
   Compiling syn v3.0.5
   Compiling parking_lot_core v0.9.12
   Compiling indexmap v2.14.2
   Compiling jobserver v0.1.35
   Compiling getrandom v0.2.17
   Compiling cc v1.4.5
   Compiling rand_core v0.6.4
   Compiling errno v0.3.14
   Compiling cpufeatures v0.2.17
   Compiling ahash v0.8.12
   Compiling bitflags v2.13.2
   Compiling winnow v0.7.15
   Compiling toml_write v0.1.2
   Compiling scopeguard v1.2.0
   Compiling block-buffer v0.10.4
   Compiling crypto-common v0.1.7
   Compiling anyhow v1.0.104
   Compiling digest v0.10.7
   Compiling core-foundation-sys v0.8.7
   Compiling sha2 v0.10.9
   Compiling iana-time-zone v0.1.65
   Compiling lock_api v0.4.14
   Compiling pin-project-lite v0.2.17
   Compiling libz-sys v1.1.29
   Compiling uuid v1.26.1
   Compiling ppv-lite86 v0.2.21
   Compiling libsqlite3-sys v0.30.1
   Compiling libgit2-sys v0.18.8+1.9.7
   Compiling rand_chacha v0.3.1
   Compiling signal-hook-registry v1.4.8
   Compiling socket2 v0.6.5
   Compiling rand v0.8.8
   Compiling parking_lot v0.12.5
   Compiling mio v1.2.3
   Compiling serde_derive v1.0.229
   Compiling tokio-macros v2.7.2
   Compiling fs2 v0.4.3
   Compiling rustix v1.1.4
   Compiling same-file v1.0.6
   Compiling bytes v1.12.1
   Compiling hashbrown v0.14.5
   Compiling walkdir v2.5.0
   Compiling futures-macro v0.3.34
   Compiling rand_distr v0.4.3
   Compiling utf8parse v0.2.2
   Compiling futures-core v0.3.34
   Compiling tokio v1.53.1
   Compiling slab v0.4.12
   Compiling futures-task v0.3.34
   Compiling anstyle-parse v1.0.0
   Compiling hashlink v0.9.1
   Compiling log v0.4.34
   Compiling futures-sink v0.3.34
   Compiling futures-util v0.3.34
   Compiling is_terminal_polyfill v1.70.2
   Compiling fallible-iterator v0.3.0
   Compiling anstyle-query v1.1.5
   Compiling fallible-streaming-iterator v0.1.9
   Compiling anstyle v1.0.14
   Compiling colorchoice v1.0.5
   Compiling fastrand v2.5.0
   Compiling anstream v1.0.0
   Compiling async-trait v0.1.92
   Compiling strsim v0.11.1
   Compiling clap_lex v1.1.0
   Compiling heck v0.5.0
   Compiling clap_builder v4.6.6
   Compiling clap_derive v4.6.4
   Compiling tempfile v3.27.0
   Compiling clap v4.6.6
   Compiling ymp-eval-driver v0.4.6 (/tmp/ymp161-parser-source.rSts2B/ymp-rust/crates/ymp-eval-driver)
   Compiling serde_spanned v0.6.9
   Compiling toml_datetime v0.6.11
   Compiling chrono v0.4.45
   Compiling toml_edit v0.22.27
   Compiling tokio-util v0.7.19
   Compiling rusqlite v0.32.1
   Compiling toml v0.8.23
   Compiling ymp-core v0.4.6 (/tmp/ymp161-parser-source.rSts2B/ymp-rust/crates/ymp-core)
   Compiling git2 v0.21.0
   Compiling ymp-storage v0.4.6 (/tmp/ymp161-parser-source.rSts2B/ymp-rust/crates/ymp-storage)
   Compiling ymp-workspace v0.4.6 (/tmp/ymp161-parser-source.rSts2B/ymp-rust/crates/ymp-workspace)
   Compiling ymp-providers v0.4.6 (/tmp/ymp161-parser-source.rSts2B/ymp-rust/crates/ymp-providers)
   Compiling ymp-runtime v0.4.6 (/tmp/ymp161-parser-source.rSts2B/ymp-rust/crates/ymp-runtime)
    Finished `test` profile [unoptimized + debuginfo] target(s) in 21.12s
     Running tests/weak_pilot_consumer.rs (/tmp/ymp161-parser159-target/debug/deps/weak_pilot_consumer-9b0b90b984720183)

running 9 tests
test exact_old_accepted_manifests_remain_inactive_for_the_current_runner ... ok
test unapproved_native_manifest_stops_before_provider_work ... ok
test one_manifest_bound_product_file_change_is_rejected_before_fixture_work ... ok
test approval_kind_and_source_drift_fail_before_any_provider ... ok
test unknown_usage_and_deadline_stop_the_same_consumer_without_losing_observations ... ok
test solo_uses_whole_remaining_time_and_independent_members_do_not_reset_it ... ok
test ordinary_negative_results_do_not_gate_calibration_or_later_conditions ... ok
test optional_reported_settings_follow_the_same_rule_in_all_conditions ... ok
test all_six_conditions_consume_real_task_exports_and_freeze_one_blind_result ... ok

test result: ok. 9 passed; 0 failed; 0 ignored; 0 measured; 0 filtered out; finished in 58.16s

[exit 0]
