    Checking libc v0.2.189
    Checking cfg-if v1.0.4
    Checking foldhash v0.2.0
    Checking allocator-api2 v0.2.21
    Checking equivalent v1.0.2
    Checking serde_core v1.0.229
    Checking hashbrown v0.17.1
    Checking bitflags v2.13.2
    Checking itoa v1.0.18
    Checking serde v1.0.229
    Checking zerocopy v0.8.57
    Checking memchr v2.8.3
    Checking smallvec v1.16.1
    Checking once_cell v1.21.4
    Checking errno v0.3.14
    Checking log v0.4.34
    Checking typenum v1.20.1
    Checking generic-array v0.14.7
    Checking signal-hook-registry v1.4.8
    Checking getrandom v0.2.17
    Checking scopeguard v1.2.0
    Checking linux-raw-sys v0.12.1
    Checking rustix v1.1.4
    Checking lock_api v0.4.14
    Checking rand_core v0.6.4
    Checking libm v0.2.16
    Checking parking_lot_core v0.9.12
    Checking mio v1.2.3
    Checking ppv-lite86 v0.2.21
    Checking rand_chacha v0.3.1
    Checking parking_lot v0.12.5
    Checking num-traits v0.2.19
    Checking getrandom v0.4.3
    Checking block-buffer v0.10.4
    Checking crypto-common v0.1.7
    Checking serde_spanned v0.6.9
    Checking toml_datetime v0.6.11
    Checking indexmap v2.14.2
    Checking toml_write v0.1.2
    Checking winnow v0.7.15
    Checking toml_edit v0.22.27
    Checking digest v0.10.7
    Checking rand v0.8.8
    Checking zmij v1.0.23
    Checking cpufeatures v0.2.17
    Checking iana-time-zone v0.1.65
    Checking chrono v0.4.45
    Checking sha2 v0.10.9
    Checking serde_json v1.0.151
    Checking rand_distr v0.4.3
    Checking anyhow v1.0.104
    Checking toml v0.8.23
    Checking uuid v1.26.1
    Checking fs2 v0.4.3
    Checking ymp-core v0.4.6 (/src/ymp-rust/crates/ymp-core)
    Checking fastrand v2.5.0
    Checking pin-project-lite v0.2.17
    Checking futures-core v0.3.34
    Checking tempfile v3.27.0
    Checking socket2 v0.6.5
    Checking bytes v1.12.1
    Checking tokio v1.53.1
    Checking slab v0.4.12
    Checking futures-task v0.3.34
    Checking futures-util v0.3.34
    Checking futures-sink v0.3.34
    Checking tokio-util v0.7.19
    Checking same-file v1.0.6
    Checking walkdir v2.5.0
    Checking ymp-providers v0.4.6 (/src/ymp-rust/crates/ymp-providers)
    Checking libz-sys v1.1.29
    Checking libgit2-sys v0.18.8+1.9.7
    Checking ahash v0.8.12
    Checking hashbrown v0.14.5
    Checking git2 v0.21.0
    Checking hashlink v0.9.1
    Checking libsqlite3-sys v0.30.1
    Checking fallible-streaming-iterator v0.1.9
    Checking fallible-iterator v0.3.0
    Checking rusqlite v0.32.1
    Checking ymp-workspace v0.4.6 (/src/ymp-rust/crates/ymp-workspace)
    Checking ymp-storage v0.4.6 (/src/ymp-rust/crates/ymp-storage)
    Checking thiserror v2.0.20
    Checking ymp-runtime v0.4.6 (/src/ymp-rust/crates/ymp-runtime)
    Checking either v1.18.0
    Checking itertools v0.14.0
    Checking castaway v0.2.4
    Checking hashbrown v0.16.1
    Checking unicode-width v0.2.0
    Checking ryu v1.0.23
    Checking unicode-segmentation v1.13.3
    Checking static_assertions v1.1.0
    Checking compact_str v0.9.1
    Checking unicode-truncate v2.0.1
    Checking kasuari v0.4.12
    Checking strum v0.28.0
    Checking lru v0.18.4
    Checking critical-section v1.2.0
    Checking ratatui-core v0.1.2
    Checking signal-hook v0.3.18
    Checking num-conv v0.2.2
    Checking deranged v0.5.8
    Checking time-core v0.1.9
    Checking powerfmt v0.2.0
    Checking num_threads v0.1.7
    Checking time v0.3.55
    Checking derive_more v2.1.1
    Checking signal-hook-mio v0.2.5
    Checking aho-corasick v1.1.5
    Checking line-clipping v0.3.8
    Checking adler2 v2.0.1
    Checking simd-adler32 v0.3.10
    Checking regex-syntax v0.8.11
    Checking utf8parse v0.2.2
    Checking bit-vec v0.8.0
    Checking bit-set v0.8.0
    Checking anstyle-parse v1.0.0
    Checking regex-automata v0.4.18
    Checking miniz_oxide v0.9.1
    Checking ratatui-widgets v0.3.2
    Checking crossterm v0.29.0
    Checking crc32fast v1.5.2
    Checking colorchoice v1.0.5
    Checking anstyle-query v1.1.5
    Checking is_terminal_polyfill v1.70.2
    Checking anstyle v1.0.14
    Checking anstream v1.0.0
    Checking flate2 v1.1.10
    Checking ratatui-crossterm v0.1.2
    Checking ratatui-macros v0.7.2
    Checking fancy-regex v0.16.2
    Checking bincode v1.3.3
    Checking fnv v1.0.7
    Checking clap_lex v1.1.0
    Checking strsim v0.11.1
    Checking clap_builder v4.6.6
    Checking syntect v5.3.0
    Checking ratatui v0.30.2
    Checking clap v4.6.6
    Checking ratatui-explorer v0.3.0
    Checking ratatui-themes v0.3.0
    Checking two-face v0.5.2+bat-0.26.1
    Checking tui-syntax-highlight v0.2.0
    Checking ymp-tui v0.4.6 (/src/ymp-rust/crates/ymp-tui)
   Compiling ymp-eval-driver v0.4.6 (/src/ymp-rust/crates/ymp-eval-driver)
    Checking ymp-cli v0.4.6 (/src/ymp-rust/crates/ymp-cli)
    Finished `dev` profile [unoptimized] target(s) in 48.53s
