   Compiling syn v3.0.5
   Compiling allocator-api2 v0.2.21
   Compiling foldhash v0.2.0
   Compiling hashbrown v0.17.1
   Compiling serde_derive v1.0.229
   Compiling serde v1.0.229
   Compiling syn v2.0.119
   Compiling thiserror v2.0.20
   Compiling thiserror-impl v2.0.20
   Compiling heck v0.5.0
   Compiling rustversion v1.0.23
   Compiling mio v1.2.3
   Compiling once_cell v1.21.4
   Compiling either v1.18.0
   Compiling ident_case v1.0.1
   Compiling rustix v1.1.4
   Compiling strsim v0.11.1
   Compiling darling_core v0.24.1
   Compiling itertools v0.14.0
   Compiling castaway v0.2.4
   Compiling strum_macros v0.28.0
   Compiling hashbrown v0.16.1
   Compiling ryu v1.0.23
   Compiling static_assertions v1.1.0
   Compiling futures-core v0.3.34
   Compiling unicode-segmentation v1.13.3
   Compiling unicode-width v0.2.0
   Compiling unicode-truncate v2.0.1
   Compiling compact_str v0.9.1
   Compiling kasuari v0.4.12
   Compiling strum v0.28.0
   Compiling darling_macro v0.24.1
   Compiling lru v0.18.4
   Compiling critical-section v1.2.0
   Compiling instability v0.3.13
   Compiling signal-hook v0.3.18
   Compiling convert_case v0.10.0
   Compiling ratatui-core v0.1.2
   Compiling darling v0.24.1
   Compiling serde_spanned v0.6.9
   Compiling toml_datetime v0.6.11
   Compiling indexmap v2.14.2
   Compiling ahash v0.8.12
   Compiling indoc v2.0.7
   Compiling toml_edit v0.22.27
   Compiling derive_more-impl v2.1.1
   Compiling crc32fast v1.5.2
   Compiling deranged v0.5.8
   Compiling num-conv v0.2.2
   Compiling powerfmt v0.2.0
   Compiling num_threads v0.1.7
   Compiling time-core v0.1.9
   Compiling litrs v1.0.0
   Compiling document-features v0.2.12
   Compiling time v0.3.55
   Compiling chrono v0.4.45
   Compiling signal-hook-mio v0.2.5
   Compiling derive_more v2.1.1
   Compiling toml v0.8.23
   Compiling aho-corasick v1.1.5
   Compiling libsqlite3-sys v0.30.1
   Compiling line-clipping v0.3.8
   Compiling tokio-macros v2.7.2
   Compiling bit-vec v0.8.0
   Compiling simd-adler32 v0.3.10
   Compiling regex-syntax v0.8.11
   Compiling adler2 v2.0.1
   Compiling miniz_oxide v0.9.1
   Compiling tokio v1.53.1
   Compiling regex-automata v0.4.18
   Compiling bit-set v0.8.0
   Compiling ymp-core v0.4.6 (/src/ymp-rust/crates/ymp-core)
   Compiling ratatui-widgets v0.3.2
   Compiling hashbrown v0.14.5
   Compiling crossterm v0.29.0
   Compiling futures-macro v0.3.34
   Compiling futures-task v0.3.34
   Compiling slab v0.4.12
   Compiling futures-util v0.3.34
   Compiling flate2 v1.1.10
   Compiling ratatui-crossterm v0.1.2
   Compiling hashlink v0.9.1
   Compiling ratatui-macros v0.7.2
   Compiling fancy-regex v0.16.2
   Compiling bincode v1.3.3
   Compiling enum-ordinalize-derive v4.4.2
   Compiling fnv v1.0.7
   Compiling fallible-streaming-iterator v0.1.9
   Compiling utf8parse v0.2.2
   Compiling fallible-iterator v0.3.0
   Compiling futures-sink v0.3.34
   Compiling tempfile v3.27.0
   Compiling tokio-util v0.7.19
   Compiling rusqlite v0.32.1
   Compiling anstyle-parse v1.0.0
   Compiling syntect v5.3.0
   Compiling enum-ordinalize v4.4.2
   Compiling ratatui v0.30.2
   Compiling async-trait v0.1.92
   Compiling colorchoice v1.0.5
   Compiling is_terminal_polyfill v1.70.2
   Compiling anstyle v1.0.14
   Compiling anstyle-query v1.1.5
   Compiling anstream v1.0.0
   Compiling ymp-providers v0.4.6 (/src/ymp-rust/crates/ymp-providers)
   Compiling ymp-workspace v0.4.6 (/src/ymp-rust/crates/ymp-workspace)
   Compiling educe v0.6.0
   Compiling ymp-storage v0.4.6 (/src/ymp-rust/crates/ymp-storage)
   Compiling clap_lex v1.1.0
   Compiling clap_builder v4.6.6
   Compiling ymp-runtime v0.4.6 (/src/ymp-rust/crates/ymp-runtime)
   Compiling ratatui-explorer v0.3.0
   Compiling ratatui-themes v0.3.0
   Compiling two-face v0.5.2+bat-0.26.1
   Compiling tui-syntax-highlight v0.2.0
   Compiling clap_derive v4.6.4
   Compiling clap v4.6.6
   Compiling ymp-tui v0.4.6 (/src/ymp-rust/crates/ymp-tui)
   Compiling ymp-cli v0.4.6 (/src/ymp-rust/crates/ymp-cli)
    Finished `release` profile [optimized] target(s) in 3m 42s
