
Fixture response complete

Acceptance: accepted; confirmation: unconfirmed.

Session: f64e8fc4-e498-4e05-974f-2a64421f331c
Status: completed
Workspace: /private/var/folders/cw/7pn8sb3x6bj69g7j2d8f_ss00000gn/T/ymp132-cli-53oi0td5/project

[you · user]
Report the fixture fact
Working in /private/var/folders/cw/7pn8sb3x6bj69g7j2d8f_ss00000gn/T/ymp132-cli-53oi0td5/project
Session f64e8fc4 · 2 agents
Collecting independent proposals

[native-model-z max · chat]
Fixture shared finding

[native-model-z max · plan]
{"summary": "Presentation fixture", "tasks": [{"title": "Report a fixture fact", "description": "Return a short fixture response", "competence": "implementation", "difficulty": "simple", "dependencies": [], "checks": []}]}

[native-model-z max · chat]
Fixture shared finding

[native-model-z max · review_plan]
{"approved": true, "reason": "Fixture response is present"}

[ymp · plan_accepted]
Presentation fixture

[native-model-z max · chat]
Fixture shared finding

[native-model-z max · execute]
Fixture response complete

[native-model-z max · chat]
Fixture shared finding

[native-model-z max · review]
{"approved": true, "reason": "Fixture response is present"}
Checking the final result

[native-model-z max · chat]
Fixture shared finding

[native-model-z max · final_review]
{"approved": true, "reason": "Fixture response is present"}

[native-model-z max · chat]
Fixture shared finding

[native-model-z max · synthesis]
Fixture response complete

[ymp · summary]
Fixture response complete

Acceptance: accepted; confirmation: unconfirmed.

Workspace: /private/var/folders/cw/7pn8sb3x6bj69g7j2d8f_ss00000gn/T/ymp132-cli-53oi0td5/project
