head=9a88591 + O1 fix and tests (final)
fmt_exit=0
   Compiling ymp-tui v0.4.2 (/private/tmp/ymp131-double-ctrl-c/ymp-rust/crates/ymp-tui)
    Finished `test` profile [unoptimized] target(s) in 4.20s
     Running unittests src/lib.rs (/tmp/ymp129-review-limit/target/debug/deps/ymp_tui-cbec3e105ef4fde0)

running 177 tests
test label::tests::work_is_named_by_the_invocations_own_model_and_reported_effort ... ok
test label::tests::an_unlinked_message_stays_unknown_and_a_linked_fixture_keeps_its_captured_name ... ok
test label::tests::a_label_cannot_carry_terminal_control ... ok
test label::tests::a_choice_is_the_raw_concrete_model_and_never_its_caption ... ok
test label::tests::a_roster_names_a_fixture_by_its_name_and_an_unread_agent_as_unknown ... ok
test tests::a_chosen_theme_is_applied_and_restored_at_the_next_start ... ok
test tests::a_choice_of_agent_is_its_concrete_model_and_never_a_caption_or_an_unresolved_alias ... ok
test tests::a_conversation_that_moves_to_a_new_session_keeps_naming_the_earlier_messages ... ok
test tests::a_failed_attempt_keeps_the_previous_reading_and_says_it_failed ... ok
test tests::a_budget_stop_is_named_on_the_limits_page ... ok
test tests::a_fenced_code_block_is_rendered_character_for_character ... ok
test tests::a_first_ctrl_c_during_a_catalog_reading_stops_nothing ... ok
test tests::a_first_ctrl_c_leaves_active_work_and_the_draft_untouched ... ok
test tests::a_first_ctrl_c_when_idle_does_not_leave ... ok
test tests::a_floating_surface_leaves_the_rules_around_the_body_intact ... ok
test tests::a_header_gives_up_its_summary_before_its_own_name ... ok
test tests::a_floating_surface_keeps_the_sidebar_rule_whole_outside_itself ... ok
test tests::a_live_snapshot_reaches_the_header_before_the_run_finishes ... ok
test tests::a_live_stream_and_the_sidebar_name_the_invocation_that_is_running ... ok
test tests::a_captured_member_is_not_relabelled_by_the_catalog_as_it_stands_now ... ok
test tests::a_captured_member_shows_what_its_turns_ran_with_before_what_its_profile_said ... ok
test tests::a_message_cannot_be_queued_to_a_session_the_run_is_not_working_on ... ok
test tests::a_message_sent_during_a_run_is_queued_for_the_shared_chat ... ok
test tests::a_model_no_reading_lists_is_unknown_and_never_native ... ok
test tests::a_model_and_effort_reported_after_a_message_was_linked_rename_that_message ... ok
test tests::a_new_snapshot_keeps_the_row_and_the_reading_position ... ok
test tests::a_confirmed_projection_and_a_candidate_are_not_shown_as_the_same_thing ... ok
test tests::a_paste_into_a_confirmation_is_ignored ... ok
test tests::a_finished_session_is_named_by_the_identity_its_turns_captured ... ok
test tests::a_member_the_roster_replaced_is_not_presented_as_one_and_keeps_its_records ... ok
test tests::a_paste_reaches_the_field_that_owns_the_keyboard ... ok
test tests::a_plan_review_is_summarised_like_every_other_review ... ok
test tests::a_profile_with_no_native_reading_is_not_presented_as_a_named_agent ... ok
test tests::a_membership_decision_says_what_it_changed_and_what_it_reserved ... ok
test tests::a_provider_that_reports_part_of_a_turn_is_marked_partial ... ok
test tests::a_reading_that_is_no_longer_current_says_so_rather_than_reading_as_native ... ok
test tests::a_read_only_task_is_shown_as_declared_and_never_as_measured ... ok
test tests::a_record_written_before_tasks_were_recorded_is_read_as_unscoped ... ok
test tests::a_rejected_configuration_change_is_reverted_and_reported ... ok
test tests::a_captured_acceptance_contract_is_shown_as_a_binding_and_not_as_a_result ... ok
test tests::a_confirmed_acceptance_names_its_evidence_and_its_credit ... ok
test tests::a_decision_that_changed_the_plan_reads_as_its_own_outcome ... ok
test tests::a_repeated_or_released_key_is_not_a_second_press ... ok
test tests::a_page_keeps_its_name_and_command_at_every_supported_size ... ok
test tests::a_run_recorded_without_a_task_covers_every_task_that_declared_the_command ... ok
test tests::a_run_scoped_to_one_task_does_not_cover_the_same_command_in_another ... ok
test tests::a_running_session_shows_live_tokens_turns_and_status_together ... ok
test tests::a_scanned_model_is_shown_exactly_as_the_installation_resolved_it ... ok
test tests::a_second_ctrl_c_after_the_window_only_asks_again ... ok
test tests::a_session_that_captured_no_limits_says_so_instead_of_showing_todays ... ok
test tests::a_session_that_captured_no_resource_limits_shows_no_token_policy_in_their_place ... ok
test tests::a_reopened_session_is_measured_against_the_limits_it_captured ... ok
test tests::a_record_that_carries_its_own_outcome_never_reads_as_ungraded ... ok
test tests::a_relocated_project_does_not_move_where_an_outcome_was_recorded ... ok
test tests::a_shared_chat_post_is_named_by_the_invocation_its_team_operation_committed ... ok
test tests::a_short_id_names_the_record_and_not_the_kind_it_is ... ok
test tests::a_single_line_stream_cannot_fill_the_transcript ... ok
test tests::a_snapshot_replaces_the_previous_one_instead_of_adding_to_it ... ok
test tests::a_reopened_session_shows_the_token_policy_it_captured_and_not_todays ... ok
test tests::a_plan_change_an_agent_asked_for_is_listed_with_its_outcome_and_reason ... ok
test tests::a_proposal_no_decision_answered_is_not_shown_as_refused ... ok
test tests::a_truncated_record_says_the_rest_is_not_shown_anywhere ... ok
test tests::a_plan_that_could_not_be_read_is_not_shown_as_a_plan_with_nothing_on_it ... ok
test tests::a_word_with_quotes_or_control_characters_reads_back_exactly ... ok
test tests::a_correction_reads_as_applied_in_its_row_and_in_its_record ... ok
test tests::a_contract_names_the_inputs_it_declares_and_the_source_a_correction_replaced ... ok
test tests::a_session_that_recorded_no_roster_says_so_and_still_shows_its_records ... ok
test tests::an_actor_whose_model_comes_from_its_execution_policy_is_still_named_natively ... ok
test tests::an_agent_held_up_by_coordination_is_not_reported_as_working ... ok
test tests::an_agent_model_and_instructions_can_be_edited_from_the_page ... ok
test tests::a_setting_rewritten_on_its_way_out_names_both_values ... ok
test tests::a_session_without_a_token_ceiling_names_no_allowance_and_protects_nothing ... ok
test tests::an_empty_page_paints_its_prose_whole_at_every_supported_size ... ok
test tests::an_entry_can_be_inspected_in_full ... ok
test tests::a_usage_row_names_the_model_its_turns_actually_ran_with ... ok
test tests::an_execution_turn_is_labelled_as_a_report_not_as_a_change ... ok
test tests::an_idle_prompt_continues_the_loaded_conversation ... ok
test tests::an_open_invocation_in_a_stored_session_is_not_called_running ... ok
test tests::an_unknown_command_is_reported_without_changing_the_view ... ok
test tests::an_unknown_theme_is_reported_and_changes_nothing ... ok
test tests::an_unlinked_native_message_stays_unknown_after_its_actor_runs_as_a_local_fixture ... ok
test tests::an_acceptance_on_review_alone_is_not_presented_as_confirmed ... ok
test tests::asking_a_disabled_installation_is_refused_with_its_reason ... ok
test tests::a_task_says_who_is_responsible_for_it_and_what_was_put_off ... ok
test tests::browsing_a_saved_session_reports_what_was_stored ... ok
test tests::an_accepted_outcome_names_the_directory_it_was_recorded_in ... ok
test tests::browsing_sessions_during_a_run_stays_available ... ok
test tests::cancelling_an_editor_discards_the_text_pasted_into_it ... ok
test tests::command_lists_align_their_summaries_and_keep_text_off_the_border ... ok
test tests::ctrl_c_asks_the_same_question_from_every_region ... ok
test tests::ctrl_c_twice_leaves_from_an_open_overlay_without_closing_it_first ... ok
test tests::detailed_mode_collapses_no_agent_message ... ok
test tests::editing_never_splits_a_character ... ok
test tests::enter_completes_a_partial_name_and_runs_it ... ok
test tests::enter_drafts_only_a_command_that_cannot_act_without_an_argument ... ok
test tests::enter_on_resume_without_an_argument_reports_instead_of_drafting ... ok
test tests::enter_runs_a_command_whose_arguments_are_optional ... ok
test tests::esc_closes_the_topmost_surface_in_order ... ok
test tests::every_message_names_the_model_and_effort_of_the_invocation_that_wrote_it ... ok
test tests::a_turn_left_open_is_not_called_running_until_a_run_is_active ... ok
test tests::every_theme_is_distinct_and_at_least_one_is_light ... ok
test tests::a_retired_entry_is_kept_and_is_never_offered ... ok
test tests::an_accepted_result_whose_files_changed_stays_accepted_and_says_what_changed ... ok
test tests::help_lists_every_command_in_the_registry ... ok
test tests::every_page_renders_at_the_smallest_supported_size ... ok
test tests::keep_the_fixtures_an_interface_walk_reads ... ignored
test tests::instructions_editor_preserves_multiline_content_and_keeps_the_cursor_visible ... ok
test tests::leaving_stops_the_work_and_names_a_session_opened_while_it_stopped ... ok
test tests::invocations_with_no_agent_leave_the_agent_figures_incomplete ... ok
test tests::a_task_that_waited_says_what_it_waited_for ... ok
test tests::leaving_waits_only_so_long_for_work_that_does_not_stop ... ok
test tests::every_theme_renders_a_complete_screen ... ok
test tests::an_assignment_shows_what_was_sent_and_never_claims_an_unreported_setting_applied ... ok
test tests::only_a_session_that_exists_gets_a_resume_command ... ok
test tests::opening_a_saved_session_reads_it_and_starts_nothing ... ok
test tests::opening_another_session_shows_the_statistics_that_session_recorded ... ok
test tests::opening_the_statistics_page_shows_the_session_breakdown_at_once ... ok
test tests::other_input_withdraws_the_question ... ok
test tests::quit_and_ctrl_d_still_leave_on_one_explicit_request ... ok
test tests::re_reading_the_catalog_is_an_action_that_asks_no_provider_anything ... ok
test tests::read_only_pages_never_produce_a_run_action ... ok
test tests::an_assignment_says_whether_its_token_allowance_was_requested_or_inherited ... ok
test tests::repository_discovery_looks_above_the_working_directory_and_never_concludes_absence ... ok
test tests::recorded_checks_show_their_command_and_outcome_for_the_selected_session ... ok
test tests::resuming_a_session_is_a_separate_explicit_key ... ok
test tests::routine_coordination_is_collapsed_and_routing_is_hidden ... ok
test tests::representative_viewports_render_without_clipping_the_composer ... ok
test tests::statistics_are_forgotten_when_the_conversation_is ... ok
test tests::submitting_follows_up_after_a_session_is_loaded_and_new_starts_a_fresh_run ... ok
test tests::tab_cycles_one_focus_owner_and_esc_walks_back_to_the_composer ... ok
test tests::team_membership_and_limits_are_saved_and_reloaded ... ok
test tests::streaming_text_does_not_move_the_reading_position ... ok
test tests::the_change_view_states_that_previous_content_was_never_recorded ... ok
test tests::the_checks_page_does_not_report_an_absent_session_as_an_absent_record ... ok
test tests::the_closing_status_names_the_work_it_waits_on ... ok
test tests::the_command_palette_filters_and_closes_without_side_effects ... ok
test tests::the_composer_places_the_cursor_on_the_cell_the_next_character_fills ... ok
test tests::an_unreadable_grade_is_never_read_as_a_pass ... ok
test tests::the_detail_pane_paints_prose_whole_at_every_supported_size ... ok
test tests::the_first_screen_says_how_the_directory_is_used_and_what_cannot_be_undone ... ok
test tests::credit_this_session_did_not_read_is_reported_and_not_asserted ... ok
test tests::the_inspect_surface_is_built_for_its_own_width_and_not_the_terminal ... ok
test tests::the_palette_runs_optional_argument_commands_and_drafts_required_ones ... ok
test tests::the_paused_state_and_its_remedy_are_shown ... ok
test tests::the_question_is_painted_and_withdrawn_when_its_window_passes ... ok
test tests::the_palette_keeps_its_selection_in_view_on_a_short_terminal ... ok
test tests::the_resume_command_names_the_saved_project_and_reads_back_through_a_shell ... ok
test tests::knowledge_a_run_recorded_without_evidence_is_listed_rather_than_hidden ... ok
test tests::the_session_total_and_the_agents_survive_a_small_terminal ... ok
test tests::the_sidebar_is_present_from_eighty_columns_and_can_be_hidden ... ok
test tests::local_fixture_agents_keep_their_names_and_the_user_and_ymp_keep_theirs ... ok
test tests::the_sidebar_lists_no_destinations ... ok
test tests::the_statistics_page_reads_and_starts_nothing ... ok
test tests::the_sidebar_shows_the_team_the_session_captured_not_the_edited_configuration ... ok
test tests::the_status_line_keeps_what_the_window_is_doing_at_every_supported_size ... ok
test tests::the_theme_chooser_previews_and_esc_restores_the_stored_choice ... ok
test tests::the_whole_window_names_a_member_by_what_the_installation_returned ... ok
test tests::the_theme_chooser_keeps_its_selection_in_view_on_a_short_terminal ... ok
test tests::the_working_directory_is_always_visible ... ok
test tests::tool_activity_names_the_running_invocation_and_keeps_the_members_purpose ... ok
test tests::two_agents_on_one_provider_are_counted_apart ... ok
test tests::typing_a_command_offers_completions_and_tab_accepts_one ... ok
test tests::unicode_survives_a_round_trip_through_the_transcript ... ok
test tests::membership_keeps_an_agent_that_worked_here_after_it_leaves_the_pool ... ok
test tests::wrapping_keeps_whitespace_that_carries_meaning ... ok
test views::tests::a_narrow_record_keeps_its_lines_inside_the_width ... ok
test views::tests::every_value_of_a_record_starts_in_one_column ... ok
test tests::unknown_is_not_zero_and_a_growing_total_says_so ... ok
test tests::locations_that_could_not_be_read_are_not_reported_as_none ... ok
test tests::the_access_a_turn_held_is_shown_as_the_backend_enforced_it ... ok
test tests::no_row_puts_more_in_its_right_column_than_the_narrowest_column_holds ... ok
test tests::the_decision_and_not_the_stored_status_says_what_became_of_a_proposal ... ok
test tests::an_entry_recorded_for_other_conditions_is_not_current_here ... ok
test tests::turns_recorded_without_a_captured_identity_are_not_renamed_from_the_present_catalog ... ok
test tests::both_sides_of_a_correction_are_kept_and_each_says_which_it_is ... ok
test tests::the_record_pages_paint_their_statements_whole_at_every_supported_size ... ok
test tests::the_row_that_explains_the_page_is_not_something_an_action_applies_to ... ok

test result: ok. 176 passed; 0 failed; 1 ignored; 0 measured; 0 filtered out; finished in 6.24s

test_exit=0
/dev/disk3s1   460Gi   436Gi   2.1Gi   100%    5.2M   22M   19%   /System/Volumes/Data
